MPLINK 5.09, LINKER
Linker Map File - Created Mon May 15 12:05:40 2023

                                 Section Info
                  Section       Type    Address   Location Size(Bytes)
                ---------  ---------  ---------  ---------  ---------
                   .org_0       code   0x000000    program   0x000002
                   .cinit    romdata   0x000001    program   0x000004
                   .org_1       code   0x000004    program   0x000002
                   .org_2       code   0x000005    program   0x000072
.config_2007_BUILD/DEFAULT/PRODUCTION/8-2.O       code   0x002007    program   0x000002
.config_2008_BUILD/DEFAULT/PRODUCTION/8-2.O       code   0x002008    program   0x000002



                              Program Memory Usage 
                               Start         End      
                           ---------   ---------      
                            0x000000    0x000002      
                            0x000004    0x00003d      
                            0x002007    0x002008      
            63 out of 8455 program addresses used, program memory utilization is 0%



                              Symbols - Sorted by Name
                     Name    Address   Location    Storage File                     
                ---------  ---------  ---------  --------- ---------                
               CHECK_STAT   0x000022    program     static C:\Users\Manu\Desktop\Assembler\8-2.X\8-2.asm
                  END_IRS   0x000037    program     static C:\Users\Manu\Desktop\Assembler\8-2.X\8-2.asm
                      IRS   0x00002a    program     static C:\Users\Manu\Desktop\Assembler\8-2.X\8-2.asm
                LOAD_TMR0   0x000019    program     static C:\Users\Manu\Desktop\Assembler\8-2.X\8-2.asm
                     MAIN   0x000018    program     static C:\Users\Manu\Desktop\Assembler\8-2.X\8-2.asm
                RESET_ALL   0x000025    program     static C:\Users\Manu\Desktop\Assembler\8-2.X\8-2.asm
               RESET_OFW1   0x00001c    program     static C:\Users\Manu\Desktop\Assembler\8-2.X\8-2.asm
               RESET_OFW2   0x00001f    program     static C:\Users\Manu\Desktop\Assembler\8-2.X\8-2.asm
                    SETUP   0x000005    program     static C:\Users\Manu\Desktop\Assembler\8-2.X\8-2.asm
               SIGNAL_GEN   0x000030    program     static C:\Users\Manu\Desktop\Assembler\8-2.X\8-2.asm
             _.org_2_0018   0x000018    program     static C:\Users\Manu\Desktop\Assembler\8-2.X\8-2.asm



                              Symbols - Sorted by Address
                     Name    Address   Location    Storage File                     
                ---------  ---------  ---------  --------- ---------                
                    SETUP   0x000005    program     static C:\Users\Manu\Desktop\Assembler\8-2.X\8-2.asm
                     MAIN   0x000018    program     static C:\Users\Manu\Desktop\Assembler\8-2.X\8-2.asm
             _.org_2_0018   0x000018    program     static C:\Users\Manu\Desktop\Assembler\8-2.X\8-2.asm
                LOAD_TMR0   0x000019    program     static C:\Users\Manu\Desktop\Assembler\8-2.X\8-2.asm
               RESET_OFW1   0x00001c    program     static C:\Users\Manu\Desktop\Assembler\8-2.X\8-2.asm
               RESET_OFW2   0x00001f    program     static C:\Users\Manu\Desktop\Assembler\8-2.X\8-2.asm
               CHECK_STAT   0x000022    program     static C:\Users\Manu\Desktop\Assembler\8-2.X\8-2.asm
                RESET_ALL   0x000025    program     static C:\Users\Manu\Desktop\Assembler\8-2.X\8-2.asm
                      IRS   0x00002a    program     static C:\Users\Manu\Desktop\Assembler\8-2.X\8-2.asm
               SIGNAL_GEN   0x000030    program     static C:\Users\Manu\Desktop\Assembler\8-2.X\8-2.asm
                  END_IRS   0x000037    program     static C:\Users\Manu\Desktop\Assembler\8-2.X\8-2.asm


