MPLINK 5.09, LINKER
Linker Map File - Created Thu Apr 06 19:32:29 2023

                                 Section Info
                  Section       Type    Address   Location Size(Bytes)
                ---------  ---------  ---------  ---------  ---------
                   .org_0       code   0x000000    program   0x000002
                   .cinit    romdata   0x000001    program   0x000004
                   .org_1       code   0x000005    program   0x000028



                              Program Memory Usage 
                               Start         End      
                           ---------   ---------      
                            0x000000    0x000002      
                            0x000005    0x000018      
            23 out of 8455 program addresses used, program memory utilization is 0%



                              Symbols - Sorted by Name
                     Name    Address   Location    Storage File                     
                ---------  ---------  ---------  --------- ---------                
              LOAD_VALUES   0x000005    program     static C:\Users\Manu\Desktop\Assembler\3-13.X\3-13.asm
                     LOOP   0x000014    program     static C:\Users\Manu\Desktop\Assembler\3-13.X\3-13.asm
                    START   0x00000f    program     static C:\Users\Manu\Desktop\Assembler\3-13.X\3-13.asm
                 VAL_LOOP   0x00000a    program     static C:\Users\Manu\Desktop\Assembler\3-13.X\3-13.asm



                              Symbols - Sorted by Address
                     Name    Address   Location    Storage File                     
                ---------  ---------  ---------  --------- ---------                
              LOAD_VALUES   0x000005    program     static C:\Users\Manu\Desktop\Assembler\3-13.X\3-13.asm
                 VAL_LOOP   0x00000a    program     static C:\Users\Manu\Desktop\Assembler\3-13.X\3-13.asm
                    START   0x00000f    program     static C:\Users\Manu\Desktop\Assembler\3-13.X\3-13.asm
                     LOOP   0x000014    program     static C:\Users\Manu\Desktop\Assembler\3-13.X\3-13.asm


