MPLINK 5.09, LINKER
Linker Map File - Created Tue Apr 11 10:06:45 2023

                                 Section Info
                  Section       Type    Address   Location Size(Bytes)
                ---------  ---------  ---------  ---------  ---------
                   .org_0       code   0x000000    program   0x000002
                   .cinit    romdata   0x000001    program   0x000004
                   .org_1       code   0x000005    program   0x000026



                              Program Memory Usage 
                               Start         End      
                           ---------   ---------      
                            0x000000    0x000002      
                            0x000005    0x000017      
            22 out of 8455 program addresses used, program memory utilization is 0%



                              Symbols - Sorted by Name
                     Name    Address   Location    Storage File                     
                ---------  ---------  ---------  --------- ---------                
                ASCII2BCD   0x000008    program     static C:\Users\Manu\Desktop\Assembler\3-9.X\3-9.asm
                    START   0x000014    program     static C:\Users\Manu\Desktop\Assembler\3-9.X\3-9.asm
                 UNP2PACK   0x000010    program     static C:\Users\Manu\Desktop\Assembler\3-9.X\3-9.asm
                VALUE_NUM   0x000005    program     static C:\Users\Manu\Desktop\Assembler\3-9.X\3-9.asm
             _.org_1_0017   0x000017    program     static C:\Users\Manu\Desktop\Assembler\3-9.X\3-9.asm



                              Symbols - Sorted by Address
                     Name    Address   Location    Storage File                     
                ---------  ---------  ---------  --------- ---------                
                VALUE_NUM   0x000005    program     static C:\Users\Manu\Desktop\Assembler\3-9.X\3-9.asm
                ASCII2BCD   0x000008    program     static C:\Users\Manu\Desktop\Assembler\3-9.X\3-9.asm
                 UNP2PACK   0x000010    program     static C:\Users\Manu\Desktop\Assembler\3-9.X\3-9.asm
                    START   0x000014    program     static C:\Users\Manu\Desktop\Assembler\3-9.X\3-9.asm
             _.org_1_0017   0x000017    program     static C:\Users\Manu\Desktop\Assembler\3-9.X\3-9.asm


