MPLINK 5.09, LINKER
Linker Map File - Created Tue Apr 18 23:33:33 2023

                                 Section Info
                  Section       Type    Address   Location Size(Bytes)
                ---------  ---------  ---------  ---------  ---------
                   .org_0       code   0x000000    program   0x000054
                   .cinit    romdata   0x00002a    program   0x000004
.config_2007_BUILD/DEFAULT/PRODUCTION/4-4.O       code   0x002007    program   0x000002
.config_2008_BUILD/DEFAULT/PRODUCTION/4-4.O       code   0x002008    program   0x000002



                              Program Memory Usage 
                               Start         End      
                           ---------   ---------      
                            0x000000    0x00002b      
                            0x002007    0x002008      
            46 out of 8455 program addresses used, program memory utilization is 0%



                              Symbols - Sorted by Name
                     Name    Address   Location    Storage File                     
                ---------  ---------  ---------  --------- ---------                
                  COMB_00   0x00001e    program     static C:\Users\Manu\Desktop\Assembler\4-4.X\4-4.asm
                  COMB_01   0x000021    program     static C:\Users\Manu\Desktop\Assembler\4-4.X\4-4.asm
                  COMB_10   0x000024    program     static C:\Users\Manu\Desktop\Assembler\4-4.X\4-4.asm
                  COMB_11   0x000027    program     static C:\Users\Manu\Desktop\Assembler\4-4.X\4-4.asm
                     LOOP   0x000015    program     static C:\Users\Manu\Desktop\Assembler\4-4.X\4-4.asm
                  RA4_OFF   0x00001b    program     static C:\Users\Manu\Desktop\Assembler\4-4.X\4-4.asm
                   RA4_ON   0x000018    program     static C:\Users\Manu\Desktop\Assembler\4-4.X\4-4.asm



                              Symbols - Sorted by Address
                     Name    Address   Location    Storage File                     
                ---------  ---------  ---------  --------- ---------                
                     LOOP   0x000015    program     static C:\Users\Manu\Desktop\Assembler\4-4.X\4-4.asm
                   RA4_ON   0x000018    program     static C:\Users\Manu\Desktop\Assembler\4-4.X\4-4.asm
                  RA4_OFF   0x00001b    program     static C:\Users\Manu\Desktop\Assembler\4-4.X\4-4.asm
                  COMB_00   0x00001e    program     static C:\Users\Manu\Desktop\Assembler\4-4.X\4-4.asm
                  COMB_01   0x000021    program     static C:\Users\Manu\Desktop\Assembler\4-4.X\4-4.asm
                  COMB_10   0x000024    program     static C:\Users\Manu\Desktop\Assembler\4-4.X\4-4.asm
                  COMB_11   0x000027    program     static C:\Users\Manu\Desktop\Assembler\4-4.X\4-4.asm


