MPLINK 5.09, LINKER
Linker Map File - Created Thu May 18 22:27:48 2023

                                 Section Info
                  Section       Type    Address   Location Size(Bytes)
                ---------  ---------  ---------  ---------  ---------
                   .org_0       code   0x000000    program   0x000002
                   .cinit    romdata   0x000001    program   0x000004
                   .org_1       code   0x000004    program   0x000002
                   .org_2       code   0x000005    program   0x0000ac
.config_2007_BUILD/DEFAULT/PRODUCTION/7-3.O       code   0x002007    program   0x000002
.config_2008_BUILD/DEFAULT/PRODUCTION/7-3.O       code   0x002008    program   0x000002



                              Program Memory Usage 
                               Start         End      
                           ---------   ---------      
                            0x000000    0x000002      
                            0x000004    0x00005a      
                            0x002007    0x002008      
            92 out of 8455 program addresses used, program memory utilization is 1%



                              Symbols - Sorted by Name
                     Name    Address   Location    Storage File                     
                ---------  ---------  ---------  --------- ---------                
                    CONFI   0x000005    program     static C:\Users\Manu\Desktop\Assembler\7-3.X\7-3.asm
                  FIN_ISR   0x000026    program     static C:\Users\Manu\Desktop\Assembler\7-3.X\7-3.asm
                  INT_ISR   0x000041    program     static C:\Users\Manu\Desktop\Assembler\7-3.X\7-3.asm
                      ISR   0x00001f    program     static C:\Users\Manu\Desktop\Assembler\7-3.X\7-3.asm
                     LAZO   0x000044    program     static C:\Users\Manu\Desktop\Assembler\7-3.X\7-3.asm
                     MAIN   0x00001e    program     static C:\Users\Manu\Desktop\Assembler\7-3.X\7-3.asm
                    TABLA   0x000050    program     static C:\Users\Manu\Desktop\Assembler\7-3.X\7-3.asm
                 TMR0_ISR   0x00002b    program     static C:\Users\Manu\Desktop\Assembler\7-3.X\7-3.asm
             _.org_2_001E   0x00001e    program     static C:\Users\Manu\Desktop\Assembler\7-3.X\7-3.asm



                              Symbols - Sorted by Address
                     Name    Address   Location    Storage File                     
                ---------  ---------  ---------  --------- ---------                
                    CONFI   0x000005    program     static C:\Users\Manu\Desktop\Assembler\7-3.X\7-3.asm
                     MAIN   0x00001e    program     static C:\Users\Manu\Desktop\Assembler\7-3.X\7-3.asm
             _.org_2_001E   0x00001e    program     static C:\Users\Manu\Desktop\Assembler\7-3.X\7-3.asm
                      ISR   0x00001f    program     static C:\Users\Manu\Desktop\Assembler\7-3.X\7-3.asm
                  FIN_ISR   0x000026    program     static C:\Users\Manu\Desktop\Assembler\7-3.X\7-3.asm
                 TMR0_ISR   0x00002b    program     static C:\Users\Manu\Desktop\Assembler\7-3.X\7-3.asm
                  INT_ISR   0x000041    program     static C:\Users\Manu\Desktop\Assembler\7-3.X\7-3.asm
                     LAZO   0x000044    program     static C:\Users\Manu\Desktop\Assembler\7-3.X\7-3.asm
                    TABLA   0x000050    program     static C:\Users\Manu\Desktop\Assembler\7-3.X\7-3.asm


