MPLINK 5.09, LINKER
Linker Map File - Created Wed May 10 13:10:13 2023

                                 Section Info
                  Section       Type    Address   Location Size(Bytes)
                ---------  ---------  ---------  ---------  ---------
                   .org_0       code   0x000000    program   0x000002
                   .cinit    romdata   0x000001    program   0x000004
                   .org_1       code   0x000004    program   0x000002
                   .org_2       code   0x000005    program   0x0000ee
.config_2007_BUILD/DEFAULT/PRODUCTION/MAIN.O       code   0x002007    program   0x000002
.config_2008_BUILD/DEFAULT/PRODUCTION/MAIN.O       code   0x002008    program   0x000002



                              Program Memory Usage 
                               Start         End      
                           ---------   ---------      
                            0x000000    0x000002      
                            0x000004    0x00007b      
                            0x002007    0x002008      
            125 out of 8455 program addresses used, program memory utilization is 1%



                              Symbols - Sorted by Name
                     Name    Address   Location    Storage File                     
                ---------  ---------  ---------  --------- ---------                
                 D7S_ANOD   0x000046    program     static C:\Users\Manu\Desktop\Assembler\Counter_7seg_button.X\main.asm
                 D7S_CATH   0x00003b    program     static C:\Users\Manu\Desktop\Assembler\Counter_7seg_button.X\main.asm
               DELAY_10ms   0x000057    program     static C:\Users\Manu\Desktop\Assembler\Counter_7seg_button.X\main.asm
                 DISP_SEL   0x000051    program     static C:\Users\Manu\Desktop\Assembler\Counter_7seg_button.X\main.asm
                  END_IRS   0x000075    program     static C:\Users\Manu\Desktop\Assembler\Counter_7seg_button.X\main.asm
                      IRS   0x000067    program     static C:\Users\Manu\Desktop\Assembler\Counter_7seg_button.X\main.asm
                     LOOP   0x000059    program     static C:\Users\Manu\Desktop\Assembler\Counter_7seg_button.X\main.asm
                     MAIN   0x00002a    program     static C:\Users\Manu\Desktop\Assembler\Counter_7seg_button.X\main.asm
               RESET_UNIT   0x000060    program     static C:\Users\Manu\Desktop\Assembler\Counter_7seg_button.X\main.asm
                    SETUP   0x000005    program     static C:\Users\Manu\Desktop\Assembler\Counter_7seg_button.X\main.asm
                   T_OR_U   0x000054    program     static C:\Users\Manu\Desktop\Assembler\Counter_7seg_button.X\main.asm
             _.org_2_005C   0x00005c    program     static C:\Users\Manu\Desktop\Assembler\Counter_7seg_button.X\main.asm
             _.org_2_005E   0x00005e    program     static C:\Users\Manu\Desktop\Assembler\Counter_7seg_button.X\main.asm



                              Symbols - Sorted by Address
                     Name    Address   Location    Storage File                     
                ---------  ---------  ---------  --------- ---------                
                    SETUP   0x000005    program     static C:\Users\Manu\Desktop\Assembler\Counter_7seg_button.X\main.asm
                     MAIN   0x00002a    program     static C:\Users\Manu\Desktop\Assembler\Counter_7seg_button.X\main.asm
                 D7S_CATH   0x00003b    program     static C:\Users\Manu\Desktop\Assembler\Counter_7seg_button.X\main.asm
                 D7S_ANOD   0x000046    program     static C:\Users\Manu\Desktop\Assembler\Counter_7seg_button.X\main.asm
                 DISP_SEL   0x000051    program     static C:\Users\Manu\Desktop\Assembler\Counter_7seg_button.X\main.asm
                   T_OR_U   0x000054    program     static C:\Users\Manu\Desktop\Assembler\Counter_7seg_button.X\main.asm
               DELAY_10ms   0x000057    program     static C:\Users\Manu\Desktop\Assembler\Counter_7seg_button.X\main.asm
                     LOOP   0x000059    program     static C:\Users\Manu\Desktop\Assembler\Counter_7seg_button.X\main.asm
             _.org_2_005C   0x00005c    program     static C:\Users\Manu\Desktop\Assembler\Counter_7seg_button.X\main.asm
             _.org_2_005E   0x00005e    program     static C:\Users\Manu\Desktop\Assembler\Counter_7seg_button.X\main.asm
               RESET_UNIT   0x000060    program     static C:\Users\Manu\Desktop\Assembler\Counter_7seg_button.X\main.asm
                      IRS   0x000067    program     static C:\Users\Manu\Desktop\Assembler\Counter_7seg_button.X\main.asm
                  END_IRS   0x000075    program     static C:\Users\Manu\Desktop\Assembler\Counter_7seg_button.X\main.asm


