MPLINK 5.09, LINKER
Linker Map File - Created Mon May 15 12:05:52 2023

                                 Section Info
                  Section       Type    Address   Location Size(Bytes)
                ---------  ---------  ---------  ---------  ---------
                   .org_0       code   0x000000    program   0x000002
                   .cinit    romdata   0x000001    program   0x000004
                   .org_1       code   0x000004    program   0x000002
                   .org_2       code   0x000005    program   0x00006a
.config_2007_BUILD/DEFAULT/PRODUCTION/5-2.O       code   0x002007    program   0x000002
.config_2008_BUILD/DEFAULT/PRODUCTION/5-2.O       code   0x002008    program   0x000002



                              Program Memory Usage 
                               Start         End      
                           ---------   ---------      
                            0x000000    0x000002      
                            0x000004    0x000039      
                            0x002007    0x002008      
            59 out of 8455 program addresses used, program memory utilization is 0%



                              Symbols - Sorted by Name
                     Name    Address   Location    Storage File                     
                ---------  ---------  ---------  --------- ---------                
                      IRS   0x000022    program     static C:\Users\Manu\Desktop\Assembler\5-2.X\5-2.asm
              RESET_COUNT   0x000037    program     static C:\Users\Manu\Desktop\Assembler\5-2.X\5-2.asm
                   ROTATE   0x00002d    program     static C:\Users\Manu\Desktop\Assembler\5-2.X\5-2.asm
                    SETUP   0x000005    program     static C:\Users\Manu\Desktop\Assembler\5-2.X\5-2.asm
                SET_COUNT   0x000034    program     static C:\Users\Manu\Desktop\Assembler\5-2.X\5-2.asm
                    START   0x000020    program     static C:\Users\Manu\Desktop\Assembler\5-2.X\5-2.asm
             _.org_2_0021   0x000021    program     static C:\Users\Manu\Desktop\Assembler\5-2.X\5-2.asm



                              Symbols - Sorted by Address
                     Name    Address   Location    Storage File                     
                ---------  ---------  ---------  --------- ---------                
                    SETUP   0x000005    program     static C:\Users\Manu\Desktop\Assembler\5-2.X\5-2.asm
                    START   0x000020    program     static C:\Users\Manu\Desktop\Assembler\5-2.X\5-2.asm
             _.org_2_0021   0x000021    program     static C:\Users\Manu\Desktop\Assembler\5-2.X\5-2.asm
                      IRS   0x000022    program     static C:\Users\Manu\Desktop\Assembler\5-2.X\5-2.asm
                   ROTATE   0x00002d    program     static C:\Users\Manu\Desktop\Assembler\5-2.X\5-2.asm
                SET_COUNT   0x000034    program     static C:\Users\Manu\Desktop\Assembler\5-2.X\5-2.asm
              RESET_COUNT   0x000037    program     static C:\Users\Manu\Desktop\Assembler\5-2.X\5-2.asm


