MPLINK 5.09, LINKER
Linker Map File - Created Fri May 05 23:32:48 2023

                                 Section Info
                  Section       Type    Address   Location Size(Bytes)
                ---------  ---------  ---------  ---------  ---------
                   .org_0       code   0x000000    program   0x000002
                   .cinit    romdata   0x000001    program   0x000004
                   .org_1       code   0x000004    program   0x000002
                   .org_2       code   0x000005    program   0x000084
.config_2007_BUILD/DEFAULT/PRODUCTION/5-7.O       code   0x002007    program   0x000002
.config_2008_BUILD/DEFAULT/PRODUCTION/5-7.O       code   0x002008    program   0x000002



                              Program Memory Usage 
                               Start         End      
                           ---------   ---------      
                            0x000000    0x000002      
                            0x000004    0x000046      
                            0x002007    0x002008      
            72 out of 8455 program addresses used, program memory utilization is 0%



                              Symbols - Sorted by Name
                     Name    Address   Location    Storage File                     
                ---------  ---------  ---------  --------- ---------                
                    COUNT   0x00003a    program     static C:\Users\Manu\Desktop\Assembler\5-7.X\5-7.asm
                   FINISH   0x000045    program     static C:\Users\Manu\Desktop\Assembler\5-7.X\5-7.asm
                      ISR   0x000037    program     static C:\Users\Manu\Desktop\Assembler\5-7.X\5-7.asm
                RESET_FSR   0x000042    program     static C:\Users\Manu\Desktop\Assembler\5-7.X\5-7.asm
                    SETUP   0x000005    program     static C:\Users\Manu\Desktop\Assembler\5-7.X\5-7.asm
                    START   0x000034    program     static C:\Users\Manu\Desktop\Assembler\5-7.X\5-7.asm
             _.org_2_0036   0x000036    program     static C:\Users\Manu\Desktop\Assembler\5-7.X\5-7.asm



                              Symbols - Sorted by Address
                     Name    Address   Location    Storage File                     
                ---------  ---------  ---------  --------- ---------                
                    SETUP   0x000005    program     static C:\Users\Manu\Desktop\Assembler\5-7.X\5-7.asm
                    START   0x000034    program     static C:\Users\Manu\Desktop\Assembler\5-7.X\5-7.asm
             _.org_2_0036   0x000036    program     static C:\Users\Manu\Desktop\Assembler\5-7.X\5-7.asm
                      ISR   0x000037    program     static C:\Users\Manu\Desktop\Assembler\5-7.X\5-7.asm
                    COUNT   0x00003a    program     static C:\Users\Manu\Desktop\Assembler\5-7.X\5-7.asm
                RESET_FSR   0x000042    program     static C:\Users\Manu\Desktop\Assembler\5-7.X\5-7.asm
                   FINISH   0x000045    program     static C:\Users\Manu\Desktop\Assembler\5-7.X\5-7.asm


