MPLINK 5.09, LINKER
Linker Map File - Created Thu May 18 18:22:32 2023

                                 Section Info
                  Section       Type    Address   Location Size(Bytes)
                ---------  ---------  ---------  ---------  ---------
                   .org_0       code   0x000000    program   0x000002
                   .cinit    romdata   0x000001    program   0x000004
                   .org_1       code   0x000004    program   0x000002
                   .org_2       code   0x000005    program   0x000096
.config_2007_BUILD/DEFAULT/PRODUCTION/PARCIAL       code   0x002007    program   0x000002
.config_2008_BUILD/DEFAULT/PRODUCTION/PARCIAL       code   0x002008    program   0x000002



                              Program Memory Usage 
                               Start         End      
                           ---------   ---------      
                            0x000000    0x000002      
                            0x000004    0x00004f      
                            0x002007    0x002008      
            81 out of 8455 program addresses used, program memory utilization is 0%



                              Symbols - Sorted by Name
                     Name    Address   Location    Storage File                     
                ---------  ---------  ---------  --------- ---------                
                 CHECK_RB   0x000034    program     static C:\Users\Manu\Desktop\Assembler\Parcial2-2.X\parcial2-2.asm
                  END_ISR   0x00004c    program     static C:\Users\Manu\Desktop\Assembler\Parcial2-2.X\parcial2-2.asm
                      ISR   0x000037    program     static C:\Users\Manu\Desktop\Assembler\Parcial2-2.X\parcial2-2.asm
                LOAD_HIGH   0x00002e    program     static C:\Users\Manu\Desktop\Assembler\Parcial2-2.X\parcial2-2.asm
                 LOAD_LOW   0x00002b    program     static C:\Users\Manu\Desktop\Assembler\Parcial2-2.X\parcial2-2.asm
                LOAD_TMR0   0x000028    program     static C:\Users\Manu\Desktop\Assembler\Parcial2-2.X\parcial2-2.asm
                     MAIN   0x000027    program     static C:\Users\Manu\Desktop\Assembler\Parcial2-2.X\parcial2-2.asm
                    SETUP   0x000005    program     static C:\Users\Manu\Desktop\Assembler\Parcial2-2.X\parcial2-2.asm
               SET_RBFLAG   0x000031    program     static C:\Users\Manu\Desktop\Assembler\Parcial2-2.X\parcial2-2.asm
               SIGNAL_GEN   0x00003c    program     static C:\Users\Manu\Desktop\Assembler\Parcial2-2.X\parcial2-2.asm
                 SIG_HIGH   0x000046    program     static C:\Users\Manu\Desktop\Assembler\Parcial2-2.X\parcial2-2.asm
                  SIG_LOW   0x000042    program     static C:\Users\Manu\Desktop\Assembler\Parcial2-2.X\parcial2-2.asm
             _.org_2_0027   0x000027    program     static C:\Users\Manu\Desktop\Assembler\Parcial2-2.X\parcial2-2.asm



                              Symbols - Sorted by Address
                     Name    Address   Location    Storage File                     
                ---------  ---------  ---------  --------- ---------                
                    SETUP   0x000005    program     static C:\Users\Manu\Desktop\Assembler\Parcial2-2.X\parcial2-2.asm
                     MAIN   0x000027    program     static C:\Users\Manu\Desktop\Assembler\Parcial2-2.X\parcial2-2.asm
             _.org_2_0027   0x000027    program     static C:\Users\Manu\Desktop\Assembler\Parcial2-2.X\parcial2-2.asm
                LOAD_TMR0   0x000028    program     static C:\Users\Manu\Desktop\Assembler\Parcial2-2.X\parcial2-2.asm
                 LOAD_LOW   0x00002b    program     static C:\Users\Manu\Desktop\Assembler\Parcial2-2.X\parcial2-2.asm
                LOAD_HIGH   0x00002e    program     static C:\Users\Manu\Desktop\Assembler\Parcial2-2.X\parcial2-2.asm
               SET_RBFLAG   0x000031    program     static C:\Users\Manu\Desktop\Assembler\Parcial2-2.X\parcial2-2.asm
                 CHECK_RB   0x000034    program     static C:\Users\Manu\Desktop\Assembler\Parcial2-2.X\parcial2-2.asm
                      ISR   0x000037    program     static C:\Users\Manu\Desktop\Assembler\Parcial2-2.X\parcial2-2.asm
               SIGNAL_GEN   0x00003c    program     static C:\Users\Manu\Desktop\Assembler\Parcial2-2.X\parcial2-2.asm
                  SIG_LOW   0x000042    program     static C:\Users\Manu\Desktop\Assembler\Parcial2-2.X\parcial2-2.asm
                 SIG_HIGH   0x000046    program     static C:\Users\Manu\Desktop\Assembler\Parcial2-2.X\parcial2-2.asm
                  END_ISR   0x00004c    program     static C:\Users\Manu\Desktop\Assembler\Parcial2-2.X\parcial2-2.asm


