MPLINK 5.09, LINKER
Linker Map File - Created Thu Apr 20 16:30:15 2023

                                 Section Info
                  Section       Type    Address   Location Size(Bytes)
                ---------  ---------  ---------  ---------  ---------
                   .org_0       code   0x000000    program   0x000002
                   .cinit    romdata   0x000001    program   0x000004
                   .org_1       code   0x000005    program   0x000078



                              Program Memory Usage 
                               Start         End      
                           ---------   ---------      
                            0x000000    0x000002      
                            0x000005    0x000040      
            63 out of 8455 program addresses used, program memory utilization is 0%



                              Symbols - Sorted by Name
                     Name    Address   Location    Storage File                     
                ---------  ---------  ---------  --------- ---------                
                   BANK_0   0x000005    program     static C:\Users\Manu\Desktop\Assembler\3-14.X\3-14.asm
                   BANK_1   0x000009    program     static C:\Users\Manu\Desktop\Assembler\3-14.X\3-14.asm
                   BANK_2   0x00000d    program     static C:\Users\Manu\Desktop\Assembler\3-14.X\3-14.asm
                   BANK_3   0x000011    program     static C:\Users\Manu\Desktop\Assembler\3-14.X\3-14.asm
              LOAD_VALUES   0x000015    program     static C:\Users\Manu\Desktop\Assembler\3-14.X\3-14.asm
                     LOOP   0x000037    program     static C:\Users\Manu\Desktop\Assembler\3-14.X\3-14.asm
                    START   0x000031    program     static C:\Users\Manu\Desktop\Assembler\3-14.X\3-14.asm
                    TABLE   0x000020    program     static C:\Users\Manu\Desktop\Assembler\3-14.X\3-14.asm
                 VAL_LOOP   0x00001a    program     static C:\Users\Manu\Desktop\Assembler\3-14.X\3-14.asm
             _.org_1_0040   0x000040    program     static C:\Users\Manu\Desktop\Assembler\3-14.X\3-14.asm



                              Symbols - Sorted by Address
                     Name    Address   Location    Storage File                     
                ---------  ---------  ---------  --------- ---------                
                   BANK_0   0x000005    program     static C:\Users\Manu\Desktop\Assembler\3-14.X\3-14.asm
                   BANK_1   0x000009    program     static C:\Users\Manu\Desktop\Assembler\3-14.X\3-14.asm
                   BANK_2   0x00000d    program     static C:\Users\Manu\Desktop\Assembler\3-14.X\3-14.asm
                   BANK_3   0x000011    program     static C:\Users\Manu\Desktop\Assembler\3-14.X\3-14.asm
              LOAD_VALUES   0x000015    program     static C:\Users\Manu\Desktop\Assembler\3-14.X\3-14.asm
                 VAL_LOOP   0x00001a    program     static C:\Users\Manu\Desktop\Assembler\3-14.X\3-14.asm
                    TABLE   0x000020    program     static C:\Users\Manu\Desktop\Assembler\3-14.X\3-14.asm
                    START   0x000031    program     static C:\Users\Manu\Desktop\Assembler\3-14.X\3-14.asm
                     LOOP   0x000037    program     static C:\Users\Manu\Desktop\Assembler\3-14.X\3-14.asm
             _.org_1_0040   0x000040    program     static C:\Users\Manu\Desktop\Assembler\3-14.X\3-14.asm


