MPLINK 5.09, LINKER
Linker Map File - Created Tue Apr 18 23:33:23 2023

                                 Section Info
                  Section       Type    Address   Location Size(Bytes)
                ---------  ---------  ---------  ---------  ---------
                   .org_0       code   0x000000    program   0x000040
                   .cinit    romdata   0x000020    program   0x000004
.config_2007_BUILD/DEFAULT/DEBUG/4-4-2.O       code   0x002007    program   0x000002
.config_2008_BUILD/DEFAULT/DEBUG/4-4-2.O       code   0x002008    program   0x000002



                              Program Memory Usage 
                               Start         End      
                           ---------   ---------      
                            0x000000    0x000021      
                            0x002007    0x002008      
            36 out of 8455 program addresses used, program memory utilization is 0%



                              Symbols - Sorted by Name
                     Name    Address   Location    Storage File                     
                ---------  ---------  ---------  --------- ---------                
                     CERO   0x00000e    program     static C:\Users\Manu\Desktop\Assembler\4-4-2.X\4-4-2.asm
             CUARTO_VALOR   0x00001d    program     static C:\Users\Manu\Desktop\Assembler\4-4-2.X\4-4-2.asm
                     LOOP   0x00000b    program     static C:\Users\Manu\Desktop\Assembler\4-4-2.X\4-4-2.asm
             PRIMER_VALOR   0x000014    program     static C:\Users\Manu\Desktop\Assembler\4-4-2.X\4-4-2.asm
            SEGUNDO_VALOR   0x000017    program     static C:\Users\Manu\Desktop\Assembler\4-4-2.X\4-4-2.asm
             TERCER_VALOR   0x00001a    program     static C:\Users\Manu\Desktop\Assembler\4-4-2.X\4-4-2.asm
                      UNO   0x000011    program     static C:\Users\Manu\Desktop\Assembler\4-4-2.X\4-4-2.asm



                              Symbols - Sorted by Address
                     Name    Address   Location    Storage File                     
                ---------  ---------  ---------  --------- ---------                
                     LOOP   0x00000b    program     static C:\Users\Manu\Desktop\Assembler\4-4-2.X\4-4-2.asm
                     CERO   0x00000e    program     static C:\Users\Manu\Desktop\Assembler\4-4-2.X\4-4-2.asm
                      UNO   0x000011    program     static C:\Users\Manu\Desktop\Assembler\4-4-2.X\4-4-2.asm
             PRIMER_VALOR   0x000014    program     static C:\Users\Manu\Desktop\Assembler\4-4-2.X\4-4-2.asm
            SEGUNDO_VALOR   0x000017    program     static C:\Users\Manu\Desktop\Assembler\4-4-2.X\4-4-2.asm
             TERCER_VALOR   0x00001a    program     static C:\Users\Manu\Desktop\Assembler\4-4-2.X\4-4-2.asm
             CUARTO_VALOR   0x00001d    program     static C:\Users\Manu\Desktop\Assembler\4-4-2.X\4-4-2.asm


