MPLINK 5.09, LINKER
Linker Map File - Created Sun May 14 00:04:50 2023

                                 Section Info
                  Section       Type    Address   Location Size(Bytes)
                ---------  ---------  ---------  ---------  ---------
                   .org_0       code   0x000000    program   0x000002
                   .cinit    romdata   0x000001    program   0x000004
                   .org_1       code   0x000004    program   0x000002
                   .org_2       code   0x000005    program   0x0000fe
.config_2007_BUILD/DEFAULT/DEBUG/7-1.O       code   0x002007    program   0x000002
.config_2008_BUILD/DEFAULT/DEBUG/7-1.O       code   0x002008    program   0x000002



                              Program Memory Usage 
                               Start         End      
                           ---------   ---------      
                            0x000000    0x000002      
                            0x000004    0x000083      
                            0x002007    0x002008      
            133 out of 8455 program addresses used, program memory utilization is 1%



                              Symbols - Sorted by Name
                     Name    Address   Location    Storage File                     
                ---------  ---------  ---------  --------- ---------                
                 D7S_ANOD   0x00002c    program     static C:\Users\Manu\Desktop\Assembler\7-1.X\7-1.asm
                  END_IRS   0x00007a    program     static C:\Users\Manu\Desktop\Assembler\7-1.X\7-1.asm
                  GET_KEY   0x000056    program     static C:\Users\Manu\Desktop\Assembler\7-1.X\7-1.asm
                      IRS   0x000050    program     static C:\Users\Manu\Desktop\Assembler\7-1.X\7-1.asm
                     MAIN   0x00002b    program     static C:\Users\Manu\Desktop\Assembler\7-1.X\7-1.asm
               RESET_BUFF   0x000042    program     static C:\Users\Manu\Desktop\Assembler\7-1.X\7-1.asm
                ROWS_TEST   0x00003d    program     static C:\Users\Manu\Desktop\Assembler\7-1.X\7-1.asm
                  ROW_DEC   0x000064    program     static C:\Users\Manu\Desktop\Assembler\7-1.X\7-1.asm
                     SAVE   0x000045    program     static C:\Users\Manu\Desktop\Assembler\7-1.X\7-1.asm
                    SETUP   0x000005    program     static C:\Users\Manu\Desktop\Assembler\7-1.X\7-1.asm
                 SHOW_RES   0x000072    program     static C:\Users\Manu\Desktop\Assembler\7-1.X\7-1.asm
                     TEST   0x00005b    program     static C:\Users\Manu\Desktop\Assembler\7-1.X\7-1.asm
             _.org_2_002B   0x00002b    program     static C:\Users\Manu\Desktop\Assembler\7-1.X\7-1.asm



                              Symbols - Sorted by Address
                     Name    Address   Location    Storage File                     
                ---------  ---------  ---------  --------- ---------                
                    SETUP   0x000005    program     static C:\Users\Manu\Desktop\Assembler\7-1.X\7-1.asm
                     MAIN   0x00002b    program     static C:\Users\Manu\Desktop\Assembler\7-1.X\7-1.asm
             _.org_2_002B   0x00002b    program     static C:\Users\Manu\Desktop\Assembler\7-1.X\7-1.asm
                 D7S_ANOD   0x00002c    program     static C:\Users\Manu\Desktop\Assembler\7-1.X\7-1.asm
                ROWS_TEST   0x00003d    program     static C:\Users\Manu\Desktop\Assembler\7-1.X\7-1.asm
               RESET_BUFF   0x000042    program     static C:\Users\Manu\Desktop\Assembler\7-1.X\7-1.asm
                     SAVE   0x000045    program     static C:\Users\Manu\Desktop\Assembler\7-1.X\7-1.asm
                      IRS   0x000050    program     static C:\Users\Manu\Desktop\Assembler\7-1.X\7-1.asm
                  GET_KEY   0x000056    program     static C:\Users\Manu\Desktop\Assembler\7-1.X\7-1.asm
                     TEST   0x00005b    program     static C:\Users\Manu\Desktop\Assembler\7-1.X\7-1.asm
                  ROW_DEC   0x000064    program     static C:\Users\Manu\Desktop\Assembler\7-1.X\7-1.asm
                 SHOW_RES   0x000072    program     static C:\Users\Manu\Desktop\Assembler\7-1.X\7-1.asm
                  END_IRS   0x00007a    program     static C:\Users\Manu\Desktop\Assembler\7-1.X\7-1.asm


