MPLINK 5.09, LINKER
Linker Map File - Created Mon May 15 10:09:19 2023

                                 Section Info
                  Section       Type    Address   Location Size(Bytes)
                ---------  ---------  ---------  ---------  ---------
                   .org_0       code   0x000000    program   0x000002
                   .cinit    romdata   0x000001    program   0x000004
                   .org_1       code   0x000004    program   0x000002
                   .org_2       code   0x000005    program   0x000076
.config_2007_BUILD/DEFAULT/PRODUCTION/5-5.O       code   0x002007    program   0x000002
.config_2008_BUILD/DEFAULT/PRODUCTION/5-5.O       code   0x002008    program   0x000002



                              Program Memory Usage 
                               Start         End      
                           ---------   ---------      
                            0x000000    0x000002      
                            0x000004    0x00003f      
                            0x002007    0x002008      
            65 out of 8455 program addresses used, program memory utilization is 0%



                              Symbols - Sorted by Name
                     Name    Address   Location    Storage File                     
                ---------  ---------  ---------  --------- ---------                
                  CONFIG_   0x000005    program     static C:\Users\Manu\Desktop\Assembler\5-5.X\5-5.asm
                     LINT   0x000032    program     static C:\Users\Manu\Desktop\Assembler\5-5.X\5-5.asm
                     LMED   0x000030    program     static C:\Users\Manu\Desktop\Assembler\5-5.X\5-5.asm
                     LOOP   0x000027    program     static C:\Users\Manu\Desktop\Assembler\5-5.X\5-5.asm
                  RUT_INT   0x00003b    program     static C:\Users\Manu\Desktop\Assembler\5-5.X\5-5.asm
                 TIMER_1S   0x00002e    program     static C:\Users\Manu\Desktop\Assembler\5-5.X\5-5.asm
                   TOGGLE   0x00002a    program     static C:\Users\Manu\Desktop\Assembler\5-5.X\5-5.asm
             _.org_2_0035   0x000035    program     static C:\Users\Manu\Desktop\Assembler\5-5.X\5-5.asm



                              Symbols - Sorted by Address
                     Name    Address   Location    Storage File                     
                ---------  ---------  ---------  --------- ---------                
                  CONFIG_   0x000005    program     static C:\Users\Manu\Desktop\Assembler\5-5.X\5-5.asm
                     LOOP   0x000027    program     static C:\Users\Manu\Desktop\Assembler\5-5.X\5-5.asm
                   TOGGLE   0x00002a    program     static C:\Users\Manu\Desktop\Assembler\5-5.X\5-5.asm
                 TIMER_1S   0x00002e    program     static C:\Users\Manu\Desktop\Assembler\5-5.X\5-5.asm
                     LMED   0x000030    program     static C:\Users\Manu\Desktop\Assembler\5-5.X\5-5.asm
                     LINT   0x000032    program     static C:\Users\Manu\Desktop\Assembler\5-5.X\5-5.asm
             _.org_2_0035   0x000035    program     static C:\Users\Manu\Desktop\Assembler\5-5.X\5-5.asm
                  RUT_INT   0x00003b    program     static C:\Users\Manu\Desktop\Assembler\5-5.X\5-5.asm


