MPLINK 5.09, LINKER
Linker Map File - Created Thu May 11 20:27:33 2023

                                 Section Info
                  Section       Type    Address   Location Size(Bytes)
                ---------  ---------  ---------  ---------  ---------
                   .org_0       code   0x000000    program   0x000002
                   .cinit    romdata   0x000001    program   0x000004
                   .org_1       code   0x000004    program   0x000002
                   .org_2       code   0x000005    program   0x000098
.config_2007_BUILD/DEFAULT/PRODUCTION/5-3.O       code   0x002007    program   0x000002
.config_2008_BUILD/DEFAULT/PRODUCTION/5-3.O       code   0x002008    program   0x000002



                              Program Memory Usage 
                               Start         End      
                           ---------   ---------      
                            0x000000    0x000002      
                            0x000004    0x000050      
                            0x002007    0x002008      
            82 out of 8455 program addresses used, program memory utilization is 0%



                              Symbols - Sorted by Name
                     Name    Address   Location    Storage File                     
                ---------  ---------  ---------  --------- ---------                
                 BIT_TEST   0x000026    program     static C:\Users\Manu\Desktop\Assembler\5-3.X\5-3.asm
                DELAY_10S   0x000037    program     static C:\Users\Manu\Desktop\Assembler\5-3.X\5-3.asm
                 DELAY_5S   0x000044    program     static C:\Users\Manu\Desktop\Assembler\5-3.X\5-3.asm
                      IRS   0x000022    program     static C:\Users\Manu\Desktop\Assembler\5-3.X\5-3.asm
                  LED_RB1   0x00002d    program     static C:\Users\Manu\Desktop\Assembler\5-3.X\5-3.asm
                  LED_RB2   0x000032    program     static C:\Users\Manu\Desktop\Assembler\5-3.X\5-3.asm
                    SETUP   0x000005    program     static C:\Users\Manu\Desktop\Assembler\5-3.X\5-3.asm
                    START   0x000021    program     static C:\Users\Manu\Desktop\Assembler\5-3.X\5-3.asm
             _.org_2_0021   0x000021    program     static C:\Users\Manu\Desktop\Assembler\5-3.X\5-3.asm
             _.org_2_003E   0x00003e    program     static C:\Users\Manu\Desktop\Assembler\5-3.X\5-3.asm
             _.org_2_0040   0x000040    program     static C:\Users\Manu\Desktop\Assembler\5-3.X\5-3.asm
             _.org_2_0042   0x000042    program     static C:\Users\Manu\Desktop\Assembler\5-3.X\5-3.asm
             _.org_2_004B   0x00004b    program     static C:\Users\Manu\Desktop\Assembler\5-3.X\5-3.asm
             _.org_2_004D   0x00004d    program     static C:\Users\Manu\Desktop\Assembler\5-3.X\5-3.asm
             _.org_2_004F   0x00004f    program     static C:\Users\Manu\Desktop\Assembler\5-3.X\5-3.asm



                              Symbols - Sorted by Address
                     Name    Address   Location    Storage File                     
                ---------  ---------  ---------  --------- ---------                
                    SETUP   0x000005    program     static C:\Users\Manu\Desktop\Assembler\5-3.X\5-3.asm
                    START   0x000021    program     static C:\Users\Manu\Desktop\Assembler\5-3.X\5-3.asm
             _.org_2_0021   0x000021    program     static C:\Users\Manu\Desktop\Assembler\5-3.X\5-3.asm
                      IRS   0x000022    program     static C:\Users\Manu\Desktop\Assembler\5-3.X\5-3.asm
                 BIT_TEST   0x000026    program     static C:\Users\Manu\Desktop\Assembler\5-3.X\5-3.asm
                  LED_RB1   0x00002d    program     static C:\Users\Manu\Desktop\Assembler\5-3.X\5-3.asm
                  LED_RB2   0x000032    program     static C:\Users\Manu\Desktop\Assembler\5-3.X\5-3.asm
                DELAY_10S   0x000037    program     static C:\Users\Manu\Desktop\Assembler\5-3.X\5-3.asm
             _.org_2_003E   0x00003e    program     static C:\Users\Manu\Desktop\Assembler\5-3.X\5-3.asm
             _.org_2_0040   0x000040    program     static C:\Users\Manu\Desktop\Assembler\5-3.X\5-3.asm
             _.org_2_0042   0x000042    program     static C:\Users\Manu\Desktop\Assembler\5-3.X\5-3.asm
                 DELAY_5S   0x000044    program     static C:\Users\Manu\Desktop\Assembler\5-3.X\5-3.asm
             _.org_2_004B   0x00004b    program     static C:\Users\Manu\Desktop\Assembler\5-3.X\5-3.asm
             _.org_2_004D   0x00004d    program     static C:\Users\Manu\Desktop\Assembler\5-3.X\5-3.asm
             _.org_2_004F   0x00004f    program     static C:\Users\Manu\Desktop\Assembler\5-3.X\5-3.asm


