MPLINK 5.09, LINKER
Linker Map File - Created Wed Jun 21 00:47:24 2023

                                 Section Info
                  Section       Type    Address   Location Size(Bytes)
                ---------  ---------  ---------  ---------  ---------
                   .org_0       code   0x000000    program   0x000002
                   .cinit    romdata   0x000001    program   0x000004
                   .org_1       code   0x000004    program   0x000002
                   .org_2       code   0x000005    program   0x000246
.config_2007_BUILD/DEFAULT/DEBUG/TEST.O       code   0x002007    program   0x000002
.config_2008_BUILD/DEFAULT/DEBUG/TEST.O       code   0x002008    program   0x000002



                              Program Memory Usage 
                               Start         End      
                           ---------   ---------      
                            0x000000    0x000002      
                            0x000004    0x000127      
                            0x002007    0x002008      
            297 out of 8455 program addresses used, program memory utilization is 3%



                              Symbols - Sorted by Name
                     Name    Address   Location    Storage File                     
                ---------  ---------  ---------  --------- ---------                
                  ADC_INT   0x000113    program     static C:\Users\Manu\Desktop\Assembler\test.X\test.asm
                  ADC_OFF   0x00009b    program     static C:\Users\Manu\Desktop\Assembler\test.X\test.asm
               ADC_OFF_ON   0x000095    program     static C:\Users\Manu\Desktop\Assembler\test.X\test.asm
                   ADC_ON   0x0000a1    program     static C:\Users\Manu\Desktop\Assembler\test.X\test.asm
                  BUZ_OFF   0x000091    program     static C:\Users\Manu\Desktop\Assembler\test.X\test.asm
                   BUZ_ON   0x000093    program     static C:\Users\Manu\Desktop\Assembler\test.X\test.asm
               DELAY_20us   0x000073    program     static C:\Users\Manu\Desktop\Assembler\test.X\test.asm
                EIGHT_LED   0x0000f1    program     static C:\Users\Manu\Desktop\Assembler\test.X\test.asm
                  END_ISR   0x000123    program     static C:\Users\Manu\Desktop\Assembler\test.X\test.asm
                 FIVE_LED   0x0000d9    program     static C:\Users\Manu\Desktop\Assembler\test.X\test.asm
                 FOUR_LED   0x0000d1    program     static C:\Users\Manu\Desktop\Assembler\test.X\test.asm
                 INIT_ADC   0x000069    program     static C:\Users\Manu\Desktop\Assembler\test.X\test.asm
                 INIT_INT   0x00005f    program     static C:\Users\Manu\Desktop\Assembler\test.X\test.asm
                INIT_UART   0x000078    program     static C:\Users\Manu\Desktop\Assembler\test.X\test.asm
                      ISR   0x000109    program     static C:\Users\Manu\Desktop\Assembler\test.X\test.asm
                 LOAD_SEC   0x0000a7    program     static C:\Users\Manu\Desktop\Assembler\test.X\test.asm
                LOAD_TMR0   0x0000aa    program     static C:\Users\Manu\Desktop\Assembler\test.X\test.asm
                     MAIN   0x00002f    program     static C:\Users\Manu\Desktop\Assembler\test.X\test.asm
                 NINE_LED   0x0000f9    program     static C:\Users\Manu\Desktop\Assembler\test.X\test.asm
                  ONE_LED   0x0000b9    program     static C:\Users\Manu\Desktop\Assembler\test.X\test.asm
                   RX_INT   0x00011f    program     static C:\Users\Manu\Desktop\Assembler\test.X\test.asm
                  SEND_TX   0x000088    program     static C:\Users\Manu\Desktop\Assembler\test.X\test.asm
                    SETUP   0x000005    program     static C:\Users\Manu\Desktop\Assembler\test.X\test.asm
                SEVEN_LED   0x0000e9    program     static C:\Users\Manu\Desktop\Assembler\test.X\test.asm
                  SIX_LED   0x0000e1    program     static C:\Users\Manu\Desktop\Assembler\test.X\test.asm
                   T0_INT   0x000119    program     static C:\Users\Manu\Desktop\Assembler\test.X\test.asm
                  TEN_LED   0x000101    program     static C:\Users\Manu\Desktop\Assembler\test.X\test.asm
                THREE_LED   0x0000c9    program     static C:\Users\Manu\Desktop\Assembler\test.X\test.asm
                  TOG_LED   0x0000ad    program     static C:\Users\Manu\Desktop\Assembler\test.X\test.asm
                  TWO_LED   0x0000c1    program     static C:\Users\Manu\Desktop\Assembler\test.X\test.asm
                 ZERO_LED   0x0000b1    program     static C:\Users\Manu\Desktop\Assembler\test.X\test.asm
             _.org_2_0076   0x000076    program     static C:\Users\Manu\Desktop\Assembler\test.X\test.asm
             _.org_2_008F   0x00008f    program     static C:\Users\Manu\Desktop\Assembler\test.X\test.asm



                              Symbols - Sorted by Address
                     Name    Address   Location    Storage File                     
                ---------  ---------  ---------  --------- ---------                
                    SETUP   0x000005    program     static C:\Users\Manu\Desktop\Assembler\test.X\test.asm
                     MAIN   0x00002f    program     static C:\Users\Manu\Desktop\Assembler\test.X\test.asm
                 INIT_INT   0x00005f    program     static C:\Users\Manu\Desktop\Assembler\test.X\test.asm
                 INIT_ADC   0x000069    program     static C:\Users\Manu\Desktop\Assembler\test.X\test.asm
               DELAY_20us   0x000073    program     static C:\Users\Manu\Desktop\Assembler\test.X\test.asm
             _.org_2_0076   0x000076    program     static C:\Users\Manu\Desktop\Assembler\test.X\test.asm
                INIT_UART   0x000078    program     static C:\Users\Manu\Desktop\Assembler\test.X\test.asm
                  SEND_TX   0x000088    program     static C:\Users\Manu\Desktop\Assembler\test.X\test.asm
             _.org_2_008F   0x00008f    program     static C:\Users\Manu\Desktop\Assembler\test.X\test.asm
                  BUZ_OFF   0x000091    program     static C:\Users\Manu\Desktop\Assembler\test.X\test.asm
                   BUZ_ON   0x000093    program     static C:\Users\Manu\Desktop\Assembler\test.X\test.asm
               ADC_OFF_ON   0x000095    program     static C:\Users\Manu\Desktop\Assembler\test.X\test.asm
                  ADC_OFF   0x00009b    program     static C:\Users\Manu\Desktop\Assembler\test.X\test.asm
                   ADC_ON   0x0000a1    program     static C:\Users\Manu\Desktop\Assembler\test.X\test.asm
                 LOAD_SEC   0x0000a7    program     static C:\Users\Manu\Desktop\Assembler\test.X\test.asm
                LOAD_TMR0   0x0000aa    program     static C:\Users\Manu\Desktop\Assembler\test.X\test.asm
                  TOG_LED   0x0000ad    program     static C:\Users\Manu\Desktop\Assembler\test.X\test.asm
                 ZERO_LED   0x0000b1    program     static C:\Users\Manu\Desktop\Assembler\test.X\test.asm
                  ONE_LED   0x0000b9    program     static C:\Users\Manu\Desktop\Assembler\test.X\test.asm
                  TWO_LED   0x0000c1    program     static C:\Users\Manu\Desktop\Assembler\test.X\test.asm
                THREE_LED   0x0000c9    program     static C:\Users\Manu\Desktop\Assembler\test.X\test.asm
                 FOUR_LED   0x0000d1    program     static C:\Users\Manu\Desktop\Assembler\test.X\test.asm
                 FIVE_LED   0x0000d9    program     static C:\Users\Manu\Desktop\Assembler\test.X\test.asm
                  SIX_LED   0x0000e1    program     static C:\Users\Manu\Desktop\Assembler\test.X\test.asm
                SEVEN_LED   0x0000e9    program     static C:\Users\Manu\Desktop\Assembler\test.X\test.asm
                EIGHT_LED   0x0000f1    program     static C:\Users\Manu\Desktop\Assembler\test.X\test.asm
                 NINE_LED   0x0000f9    program     static C:\Users\Manu\Desktop\Assembler\test.X\test.asm
                  TEN_LED   0x000101    program     static C:\Users\Manu\Desktop\Assembler\test.X\test.asm
                      ISR   0x000109    program     static C:\Users\Manu\Desktop\Assembler\test.X\test.asm
                  ADC_INT   0x000113    program     static C:\Users\Manu\Desktop\Assembler\test.X\test.asm
                   T0_INT   0x000119    program     static C:\Users\Manu\Desktop\Assembler\test.X\test.asm
                   RX_INT   0x00011f    program     static C:\Users\Manu\Desktop\Assembler\test.X\test.asm
                  END_ISR   0x000123    program     static C:\Users\Manu\Desktop\Assembler\test.X\test.asm


