MPLINK 5.09, LINKER
Linker Map File - Created Sun Apr 02 17:32:33 2023

                                 Section Info
                  Section       Type    Address   Location Size(Bytes)
                ---------  ---------  ---------  ---------  ---------
                   .org_0       code   0x000000    program   0x000002
                   .cinit    romdata   0x000001    program   0x000004
                   .org_1       code   0x000005    program   0x00003e



                              Program Memory Usage 
                               Start         End      
                           ---------   ---------      
                            0x000000    0x000002      
                            0x000005    0x000023      
            34 out of 8455 program addresses used, program memory utilization is 0%



                              Symbols - Sorted by Name
                     Name    Address   Location    Storage File                     
                ---------  ---------  ---------  --------- ---------                
              LOAD_VALUES   0x000005    program     static C:\Users\Manu\Desktop\Assembler\3-11.X\3-11.asm
                     LOOP   0x000017    program     static C:\Users\Manu\Desktop\Assembler\3-11.X\3-11.asm
                    START   0x000010    program     static C:\Users\Manu\Desktop\Assembler\3-11.X\3-11.asm
                 VAL_LOOP   0x00000a    program     static C:\Users\Manu\Desktop\Assembler\3-11.X\3-11.asm



                              Symbols - Sorted by Address
                     Name    Address   Location    Storage File                     
                ---------  ---------  ---------  --------- ---------                
              LOAD_VALUES   0x000005    program     static C:\Users\Manu\Desktop\Assembler\3-11.X\3-11.asm
                 VAL_LOOP   0x00000a    program     static C:\Users\Manu\Desktop\Assembler\3-11.X\3-11.asm
                    START   0x000010    program     static C:\Users\Manu\Desktop\Assembler\3-11.X\3-11.asm
                     LOOP   0x000017    program     static C:\Users\Manu\Desktop\Assembler\3-11.X\3-11.asm


