MPLINK 5.09, LINKER
Linker Map File - Created Thu May 11 20:24:26 2023

                                 Section Info
                  Section       Type    Address   Location Size(Bytes)
                ---------  ---------  ---------  ---------  ---------
                   .org_0       code   0x000000    program   0x000002
                   .cinit    romdata   0x000001    program   0x000004
                   .org_1       code   0x000004    program   0x000002
                   .org_2       code   0x000005    program   0x000096
.config_2007_BUILD/DEFAULT/PRODUCTION/5-4.O       code   0x002007    program   0x000002
.config_2008_BUILD/DEFAULT/PRODUCTION/5-4.O       code   0x002008    program   0x000002



                              Program Memory Usage 
                               Start         End      
                           ---------   ---------      
                            0x000000    0x000002      
                            0x000004    0x00004f      
                            0x002007    0x002008      
            81 out of 8455 program addresses used, program memory utilization is 0%



                              Symbols - Sorted by Name
                     Name    Address   Location    Storage File                     
                ---------  ---------  ---------  --------- ---------                
                    BIT_4   0x000034    program     static C:\Users\Manu\Desktop\Assembler\5-4.X\5-4.asm
                    BIT_5   0x000037    program     static C:\Users\Manu\Desktop\Assembler\5-4.X\5-4.asm
                    BIT_6   0x00003a    program     static C:\Users\Manu\Desktop\Assembler\5-4.X\5-4.asm
                    BIT_7   0x00003d    program     static C:\Users\Manu\Desktop\Assembler\5-4.X\5-4.asm
              DELAY_100ms   0x000040    program     static C:\Users\Manu\Desktop\Assembler\5-4.X\5-4.asm
                   FINISH   0x00004e    program     static C:\Users\Manu\Desktop\Assembler\5-4.X\5-4.asm
                INC_COUNT   0x00004a    program     static C:\Users\Manu\Desktop\Assembler\5-4.X\5-4.asm
                      IRS   0x000028    program     static C:\Users\Manu\Desktop\Assembler\5-4.X\5-4.asm
                  RB_TEST   0x00002b    program     static C:\Users\Manu\Desktop\Assembler\5-4.X\5-4.asm
                    SETUP   0x000005    program     static C:\Users\Manu\Desktop\Assembler\5-4.X\5-4.asm
                    START   0x000027    program     static C:\Users\Manu\Desktop\Assembler\5-4.X\5-4.asm
             _.org_2_0027   0x000027    program     static C:\Users\Manu\Desktop\Assembler\5-4.X\5-4.asm
             _.org_2_0046   0x000046    program     static C:\Users\Manu\Desktop\Assembler\5-4.X\5-4.asm
             _.org_2_0048   0x000048    program     static C:\Users\Manu\Desktop\Assembler\5-4.X\5-4.asm



                              Symbols - Sorted by Address
                     Name    Address   Location    Storage File                     
                ---------  ---------  ---------  --------- ---------                
                    SETUP   0x000005    program     static C:\Users\Manu\Desktop\Assembler\5-4.X\5-4.asm
                    START   0x000027    program     static C:\Users\Manu\Desktop\Assembler\5-4.X\5-4.asm
             _.org_2_0027   0x000027    program     static C:\Users\Manu\Desktop\Assembler\5-4.X\5-4.asm
                      IRS   0x000028    program     static C:\Users\Manu\Desktop\Assembler\5-4.X\5-4.asm
                  RB_TEST   0x00002b    program     static C:\Users\Manu\Desktop\Assembler\5-4.X\5-4.asm
                    BIT_4   0x000034    program     static C:\Users\Manu\Desktop\Assembler\5-4.X\5-4.asm
                    BIT_5   0x000037    program     static C:\Users\Manu\Desktop\Assembler\5-4.X\5-4.asm
                    BIT_6   0x00003a    program     static C:\Users\Manu\Desktop\Assembler\5-4.X\5-4.asm
                    BIT_7   0x00003d    program     static C:\Users\Manu\Desktop\Assembler\5-4.X\5-4.asm
              DELAY_100ms   0x000040    program     static C:\Users\Manu\Desktop\Assembler\5-4.X\5-4.asm
             _.org_2_0046   0x000046    program     static C:\Users\Manu\Desktop\Assembler\5-4.X\5-4.asm
             _.org_2_0048   0x000048    program     static C:\Users\Manu\Desktop\Assembler\5-4.X\5-4.asm
                INC_COUNT   0x00004a    program     static C:\Users\Manu\Desktop\Assembler\5-4.X\5-4.asm
                   FINISH   0x00004e    program     static C:\Users\Manu\Desktop\Assembler\5-4.X\5-4.asm


