MPLINK 5.09, LINKER
Linker Map File - Created Wed Apr 12 23:39:49 2023

                                 Section Info
                  Section       Type    Address   Location Size(Bytes)
                ---------  ---------  ---------  ---------  ---------
                   .org_0       code   0x000000    program   0x000002
                   .cinit    romdata   0x000001    program   0x000004
                   .org_1       code   0x000005    program   0x000068



                              Program Memory Usage 
                               Start         End      
                           ---------   ---------      
                            0x000000    0x000002      
                            0x000005    0x000038      
            55 out of 8455 program addresses used, program memory utilization is 0%



                              Symbols - Sorted by Name
                     Name    Address   Location    Storage File                     
                ---------  ---------  ---------  --------- ---------                
              APAGAR_LED1   0x00001d    program     static C:\Users\Manu\Desktop\Assembler\4-2.X\4-2.asm
              APAGAR_LED2   0x000021    program     static C:\Users\Manu\Desktop\Assembler\4-2.X\4-2.asm
                   BANK_0   0x000005    program     static C:\Users\Manu\Desktop\Assembler\4-2.X\4-2.asm
                   BANK_1   0x000009    program     static C:\Users\Manu\Desktop\Assembler\4-2.X\4-2.asm
                   BANK_2   0x00000d    program     static C:\Users\Manu\Desktop\Assembler\4-2.X\4-2.asm
                   BANK_3   0x000011    program     static C:\Users\Manu\Desktop\Assembler\4-2.X\4-2.asm
               LED_RB2_ON   0x000019    program     static C:\Users\Manu\Desktop\Assembler\4-2.X\4-2.asm
               LED_RB3_ON   0x000015    program     static C:\Users\Manu\Desktop\Assembler\4-2.X\4-2.asm
                     LOOP   0x000030    program     static C:\Users\Manu\Desktop\Assembler\4-2.X\4-2.asm
                    SETUP   0x000025    program     static C:\Users\Manu\Desktop\Assembler\4-2.X\4-2.asm



                              Symbols - Sorted by Address
                     Name    Address   Location    Storage File                     
                ---------  ---------  ---------  --------- ---------                
                   BANK_0   0x000005    program     static C:\Users\Manu\Desktop\Assembler\4-2.X\4-2.asm
                   BANK_1   0x000009    program     static C:\Users\Manu\Desktop\Assembler\4-2.X\4-2.asm
                   BANK_2   0x00000d    program     static C:\Users\Manu\Desktop\Assembler\4-2.X\4-2.asm
                   BANK_3   0x000011    program     static C:\Users\Manu\Desktop\Assembler\4-2.X\4-2.asm
               LED_RB3_ON   0x000015    program     static C:\Users\Manu\Desktop\Assembler\4-2.X\4-2.asm
               LED_RB2_ON   0x000019    program     static C:\Users\Manu\Desktop\Assembler\4-2.X\4-2.asm
              APAGAR_LED1   0x00001d    program     static C:\Users\Manu\Desktop\Assembler\4-2.X\4-2.asm
              APAGAR_LED2   0x000021    program     static C:\Users\Manu\Desktop\Assembler\4-2.X\4-2.asm
                    SETUP   0x000025    program     static C:\Users\Manu\Desktop\Assembler\4-2.X\4-2.asm
                     LOOP   0x000030    program     static C:\Users\Manu\Desktop\Assembler\4-2.X\4-2.asm


