MPLINK 5.09, LINKER
Linker Map File - Created Thu May 18 09:13:05 2023

                                 Section Info
                  Section       Type    Address   Location Size(Bytes)
                ---------  ---------  ---------  ---------  ---------
                   .org_0       code   0x000000    program   0x000002
                   .cinit    romdata   0x000001    program   0x000004
                   .org_1       code   0x000004    program   0x000002
                   .org_2       code   0x000005    program   0x000070
.config_2007_BUILD/DEFAULT/PRODUCTION/8-2-2.O       code   0x002007    program   0x000002
.config_2008_BUILD/DEFAULT/PRODUCTION/8-2-2.O       code   0x002008    program   0x000002



                              Program Memory Usage 
                               Start         End      
                           ---------   ---------      
                            0x000000    0x000002      
                            0x000004    0x00003c      
                            0x002007    0x002008      
            62 out of 8455 program addresses used, program memory utilization is 0%



                              Symbols - Sorted by Name
                     Name    Address   Location    Storage File                     
                ---------  ---------  ---------  --------- ---------                
                 CHECK_RB   0x000029    program     static C:\Users\Manu\Desktop\Assembler\8-2-2.X\8-2-2.asm
                  END_IRS   0x000038    program     static C:\Users\Manu\Desktop\Assembler\8-2-2.X\8-2-2.asm
                      IRS   0x000030    program     static C:\Users\Manu\Desktop\Assembler\8-2-2.X\8-2-2.asm
                LOAD_TMR0   0x000023    program     static C:\Users\Manu\Desktop\Assembler\8-2-2.X\8-2-2.asm
                     MAIN   0x000022    program     static C:\Users\Manu\Desktop\Assembler\8-2-2.X\8-2-2.asm
                  RB4_OFF   0x00002e    program     static C:\Users\Manu\Desktop\Assembler\8-2-2.X\8-2-2.asm
                   RB4_ON   0x00002c    program     static C:\Users\Manu\Desktop\Assembler\8-2-2.X\8-2-2.asm
                    SETUP   0x000005    program     static C:\Users\Manu\Desktop\Assembler\8-2-2.X\8-2-2.asm
               SET_RBFLAG   0x000026    program     static C:\Users\Manu\Desktop\Assembler\8-2-2.X\8-2-2.asm
               SIGNAL_GEN   0x000035    program     static C:\Users\Manu\Desktop\Assembler\8-2-2.X\8-2-2.asm
             _.org_2_0022   0x000022    program     static C:\Users\Manu\Desktop\Assembler\8-2-2.X\8-2-2.asm



                              Symbols - Sorted by Address
                     Name    Address   Location    Storage File                     
                ---------  ---------  ---------  --------- ---------                
                    SETUP   0x000005    program     static C:\Users\Manu\Desktop\Assembler\8-2-2.X\8-2-2.asm
                     MAIN   0x000022    program     static C:\Users\Manu\Desktop\Assembler\8-2-2.X\8-2-2.asm
             _.org_2_0022   0x000022    program     static C:\Users\Manu\Desktop\Assembler\8-2-2.X\8-2-2.asm
                LOAD_TMR0   0x000023    program     static C:\Users\Manu\Desktop\Assembler\8-2-2.X\8-2-2.asm
               SET_RBFLAG   0x000026    program     static C:\Users\Manu\Desktop\Assembler\8-2-2.X\8-2-2.asm
                 CHECK_RB   0x000029    program     static C:\Users\Manu\Desktop\Assembler\8-2-2.X\8-2-2.asm
                   RB4_ON   0x00002c    program     static C:\Users\Manu\Desktop\Assembler\8-2-2.X\8-2-2.asm
                  RB4_OFF   0x00002e    program     static C:\Users\Manu\Desktop\Assembler\8-2-2.X\8-2-2.asm
                      IRS   0x000030    program     static C:\Users\Manu\Desktop\Assembler\8-2-2.X\8-2-2.asm
               SIGNAL_GEN   0x000035    program     static C:\Users\Manu\Desktop\Assembler\8-2-2.X\8-2-2.asm
                  END_IRS   0x000038    program     static C:\Users\Manu\Desktop\Assembler\8-2-2.X\8-2-2.asm


