MPLINK 5.09, LINKER
Linker Map File - Created Thu May 18 09:08:31 2023

                                 Section Info
                  Section       Type    Address   Location Size(Bytes)
                ---------  ---------  ---------  ---------  ---------
                   .org_0       code   0x000000    program   0x000002
                   .cinit    romdata   0x000001    program   0x000004
                   .org_1       code   0x000004    program   0x000002
                   .org_2       code   0x000005    program   0x0000b4
.config_2007_BUILD/DEFAULT/PRODUCTION/8-2-3.O       code   0x002007    program   0x000002
.config_2008_BUILD/DEFAULT/PRODUCTION/8-2-3.O       code   0x002008    program   0x000002



                              Program Memory Usage 
                               Start         End      
                           ---------   ---------      
                            0x000000    0x000002      
                            0x000004    0x00005e      
                            0x002007    0x002008      
            96 out of 8455 program addresses used, program memory utilization is 1%



                              Symbols - Sorted by Name
                     Name    Address   Location    Storage File                     
                ---------  ---------  ---------  --------- ---------                
                 CHECK_RB   0x00002f    program     static C:\Users\Manu\Desktop\Assembler\8-2-3.X\8-2-3.asm
                 CHECK_T0   0x000032    program     static C:\Users\Manu\Desktop\Assembler\8-2-3.X\8-2-3.asm
                   DOUBLE   0x000035    program     static C:\Users\Manu\Desktop\Assembler\8-2-3.X\8-2-3.asm
                  END_ISR   0x00005a    program     static C:\Users\Manu\Desktop\Assembler\8-2-3.X\8-2-3.asm
                      ISR   0x00004e    program     static C:\Users\Manu\Desktop\Assembler\8-2-3.X\8-2-3.asm
                LOAD_TMR0   0x000029    program     static C:\Users\Manu\Desktop\Assembler\8-2-3.X\8-2-3.asm
                     MAIN   0x000028    program     static C:\Users\Manu\Desktop\Assembler\8-2-3.X\8-2-3.asm
                  RB4_OFF   0x00003f    program     static C:\Users\Manu\Desktop\Assembler\8-2-3.X\8-2-3.asm
                   RB4_ON   0x00003b    program     static C:\Users\Manu\Desktop\Assembler\8-2-3.X\8-2-3.asm
                RESET_ALL   0x000049    program     static C:\Users\Manu\Desktop\Assembler\8-2-3.X\8-2-3.asm
               RESET_OFW1   0x000043    program     static C:\Users\Manu\Desktop\Assembler\8-2-3.X\8-2-3.asm
               RESET_OFW2   0x000046    program     static C:\Users\Manu\Desktop\Assembler\8-2-3.X\8-2-3.asm
                    SETUP   0x000005    program     static C:\Users\Manu\Desktop\Assembler\8-2-3.X\8-2-3.asm
               SET_RBFLAG   0x00002c    program     static C:\Users\Manu\Desktop\Assembler\8-2-3.X\8-2-3.asm
               SIGNAL_GEN   0x000053    program     static C:\Users\Manu\Desktop\Assembler\8-2-3.X\8-2-3.asm
                  TOG_RB4   0x000038    program     static C:\Users\Manu\Desktop\Assembler\8-2-3.X\8-2-3.asm
             _.org_2_0028   0x000028    program     static C:\Users\Manu\Desktop\Assembler\8-2-3.X\8-2-3.asm



                              Symbols - Sorted by Address
                     Name    Address   Location    Storage File                     
                ---------  ---------  ---------  --------- ---------                
                    SETUP   0x000005    program     static C:\Users\Manu\Desktop\Assembler\8-2-3.X\8-2-3.asm
             _.org_2_0028   0x000028    program     static C:\Users\Manu\Desktop\Assembler\8-2-3.X\8-2-3.asm
                     MAIN   0x000028    program     static C:\Users\Manu\Desktop\Assembler\8-2-3.X\8-2-3.asm
                LOAD_TMR0   0x000029    program     static C:\Users\Manu\Desktop\Assembler\8-2-3.X\8-2-3.asm
               SET_RBFLAG   0x00002c    program     static C:\Users\Manu\Desktop\Assembler\8-2-3.X\8-2-3.asm
                 CHECK_RB   0x00002f    program     static C:\Users\Manu\Desktop\Assembler\8-2-3.X\8-2-3.asm
                 CHECK_T0   0x000032    program     static C:\Users\Manu\Desktop\Assembler\8-2-3.X\8-2-3.asm
                   DOUBLE   0x000035    program     static C:\Users\Manu\Desktop\Assembler\8-2-3.X\8-2-3.asm
                  TOG_RB4   0x000038    program     static C:\Users\Manu\Desktop\Assembler\8-2-3.X\8-2-3.asm
                   RB4_ON   0x00003b    program     static C:\Users\Manu\Desktop\Assembler\8-2-3.X\8-2-3.asm
                  RB4_OFF   0x00003f    program     static C:\Users\Manu\Desktop\Assembler\8-2-3.X\8-2-3.asm
               RESET_OFW1   0x000043    program     static C:\Users\Manu\Desktop\Assembler\8-2-3.X\8-2-3.asm
               RESET_OFW2   0x000046    program     static C:\Users\Manu\Desktop\Assembler\8-2-3.X\8-2-3.asm
                RESET_ALL   0x000049    program     static C:\Users\Manu\Desktop\Assembler\8-2-3.X\8-2-3.asm
                      ISR   0x00004e    program     static C:\Users\Manu\Desktop\Assembler\8-2-3.X\8-2-3.asm
               SIGNAL_GEN   0x000053    program     static C:\Users\Manu\Desktop\Assembler\8-2-3.X\8-2-3.asm
                  END_ISR   0x00005a    program     static C:\Users\Manu\Desktop\Assembler\8-2-3.X\8-2-3.asm


